components/ProjectCreationWizard.tsx(38,47): error TS2339: Property 'getProjectTemplates' does not exist on type '{ getProjects: () => Promise<Project[]>; getProjectById: (identifier: string) => Promise<Project>; createProject: (project: Project) => Promise<...>; ... 20 more ...; uploadTaskAttachment: () => Promise<...>; }'.
components/ProjectCreationWizard.tsx(56,38): error TS2339: Property 'createTasksFromTemplate' does not exist on type '{ getProjects: () => Promise<Project[]>; getProjectById: (identifier: string) => Promise<Project>; createProject: (project: Project) => Promise<...>; ... 20 more ...; uploadTaskAttachment: () => Promise<...>; }'.
pages/ProjectDetail.tsx(343,28): error TS2339: Property 'getProjectWorkflows' does not exist on type '{ getProjects: () => Promise<Project[]>; getProjectById: (identifier: string) => Promise<Project>; createProject: (project: Project) => Promise<...>; ... 20 more ...; uploadTaskAttachment: () => Promise<...>; }'.
pages/ProjectList.tsx(459,38): error TS2551: Property 'addProjectMembers' does not exist on type '{ getProjects: () => Promise<Project[]>; getProjectById: (identifier: string) => Promise<Project>; createProject: (project: Project) => Promise<...>; ... 20 more ...; uploadTaskAttachment: () => Promise<...>; }'. Did you mean 'addProjectMember'?
pages/ProjectList.tsx(464,52): error TS2339: Property 'syncRaciTasks' does not exist on type '{ getProjects: () => Promise<Project[]>; getProjectById: (identifier: string) => Promise<Project>; createProject: (project: Project) => Promise<...>; ... 20 more ...; uploadTaskAttachment: () => Promise<...>; }'.
pages/ProjectList.tsx(546,30): error TS2554: Expected 2 arguments, but got 1.
scripts/seed-hero-project.ts(140,80): error TS2339: Property 'IN_PROGRESS' does not exist on type 'typeof TaskStatus'.
scripts/seed-hero-project.ts(146,80): error TS2339: Property 'IN_PROGRESS' does not exist on type 'typeof TaskStatus'.
scripts/seed-tasks-phase3.ts(89,60): error TS2365: Operator '+' cannot be applied to types '{ phase: string; tasks: ({ code: string; name: string; roles: { G─ÉTT: string; PG─ÉTT: string; 'TBP ADMIN': string; 'TBP QA/QC': string; TBM: string; TVBM: string; 'TBP XTDA': string; }; } | { code: string; name: string; roles: { ...; }; } | { ...; })[]; } | ... 4 more ... | { ...; }' and 'number'.
scripts/seed-tasks-phase3.ts(89,82): error TS2345: Argument of type 'number' is not assignable to parameter of type '{ phase: string; tasks: ({ code: string; name: string; roles: { G─ÉTT: string; PG─ÉTT: string; 'TBP ADMIN': string; 'TBP QA/QC': string; TBM: string; TVBM: string; 'TBP XTDA': string; }; } | { code: string; name: string; roles: { ...; }; } | { ...; })[]; } | ... 4 more ... | { ...; }'.
scripts/seed-tasks-phase3.ts(90,71): error TS2345: Argument of type '{ phase: string; tasks: ({ code: string; name: string; roles: { G─ÉTT: string; PG─ÉTT: string; 'TBP ADMIN': string; 'TBP QA/QC': string; TBM: string; TVBM: string; 'TBP XTDA': string; }; } | { code: string; name: string; roles: { ...; }; } | { ...; })[]; } | ... 5 more ... | { ...; }' is not assignable to parameter of type 'number'.
  Type '{ phase: string; tasks: ({ code: string; name: string; roles: { G─ÉTT: string; PG─ÉTT: string; 'TBP ADMIN': string; 'TBP QA/QC': string; TBM: string; TVBM: string; 'TBP XTDA': string; }; } | { code: string; name: string; roles: { ...; }; } | { ...; })[]; }' is not assignable to type 'number'.
services/api.service.ts(29,54): error TS2554: Expected 2 arguments, but got 1.
services/api.service.ts(33,40): error TS2551: Property 'getProjectStats' does not exist on type '{ getProjects: () => Promise<Project[]>; getProjectById: (identifier: string) => Promise<Project>; createProject: (project: Project) => Promise<...>; ... 20 more ...; uploadTaskAttachment: () => Promise<...>; }'. Did you mean 'getProjects'?
services/api.service.ts(34,49): error TS2339: Property 'getProjectsWithFinancials' does not exist on type '{ getProjects: () => Promise<Project[]>; getProjectById: (identifier: string) => Promise<Project>; createProject: (project: Project) => Promise<...>; ... 20 more ...; uploadTaskAttachment: () => Promise<...>; }'.
services/api.service.ts(35,42): error TS2339: Property 'getDelayedProjects' does not exist on type '{ getProjects: () => Promise<Project[]>; getProjectById: (identifier: string) => Promise<Project>; createProject: (project: Project) => Promise<...>; ... 20 more ...; uploadTaskAttachment: () => Promise<...>; }'.
services/api.service.ts(39,61): error TS2339: Property 'getProjectWorkflows' does not exist on type '{ getProjects: () => Promise<Project[]>; getProjectById: (identifier: string) => Promise<Project>; createProject: (project: Project) => Promise<...>; ... 20 more ...; uploadTaskAttachment: () => Promise<...>; }'.
services/api.service.ts(146,47): error TS2740: Type 'Promise<DashboardSummary>' is missing the following properties from type 'DashboardSummary': financial, projects, contracts, hr, and 5 more.
services/api.service.ts(149,43): error TS2554: Expected 1 arguments, but got 0.
services/api.service.ts(150,42): error TS2554: Expected 1 arguments, but got 0.
services/api.service.ts(151,43): error TS2554: Expected 1 arguments, but got 0.
services/api.service.ts(152,36): error TS2554: Expected 1 arguments, but got 0.
services/api.service.ts(153,37): error TS2554: Expected 1-2 arguments, but got 0.
services/api.service.ts(156,39): error TS2554: Expected 2 arguments, but got 0.
services/api.service.ts(157,42): error TS2554: Expected 1 arguments, but got 0.
utils/realtimeStore.ts(122,39): error TS2339: Property 'id' does not exist on type '{ name: string; avatar: string; role: string; raci?: Record<string, string>; }'.
utils/realtimeStore.ts(162,39): error TS2339: Property 'id' does not exist on type '{ name: string; avatar: string; role: string; raci?: Record<string, string>; }'.
